(def fact =
 result: chunk[2 regs] {
           :instrs
            0        (rstore 0)
            1        (int 1)
            2        (rstore 1)
            3        (rload 0)
            4        (int 1)
            5        leq
            6        (jif 15)
            7        (rload 0)
            8        (rload 1)
            9        mult
            10       (rstore 1)
            11       (rload 0)
            12       sub1
            13       (rstore 0)
            14       (jmp 3)
            15       (rload 1)
            16       ret
           :locals
           
         })
120
(eval: )
(eval: 
   3628800)
